DPDK_17.05 {
	global:

	cli_add_alias;
	cli_add_bin;
	cli_add_bin_path;
	cli_add_cmd;
	cli_add_dir;
	cli_add_file;
	cli_add_str;
	cli_add_tree;
	cli_auto_complete;
	cli_create;
	cli_create_root;
	cli_create_with_defaults;
	cli_default_tree_init;
	cli_del_bin;
	cli_destroy;
	cli_dir_item_count;
	cli_env_create;
	cli_env_del;
	cli_env_destroy;
	cli_env_get;
	cli_env_get_all;
	cli_env_set;
	cli_env_show;
	cli_env_string;
	cli_env_substitution;
	cli_execute;
	cli_execute_cmdfile;
	cli_execute_cmdfiles;
	cli_file_close;
	cli_file_create;
	cli_file_handler;
	cli_file_open;
	cli_file_read;
	cli_file_seek;
	cli_file_write;
	cli_find_cmd;
	cli_find_node;
	cli_help_add;
	cli_help_find_group;
	cli_help_foreach;
	cli_help_show_all;
	cli_help_show_group;
	cli_hist_alloc;
	cli_hist_free;
	cli_history_add;
	cli_history_clear;
	cli_history_del;
	cli_history_delete;
	cli_history_dump;
	cli_history_line;
	cli_history_next;
	cli_history_prev;
	cli_history_reset;
	cli_input;
	cli_map_dump;
	cli_map_list_search;
	cli_mapping;
	cli_map_show;
	cli_maps_show;
	cli_node_list_free;
	cli_node_list_with_type;
	cli_nodes_unlimited;
	cli_path_cmd_count;
	cli_path_item_count;
	cli_pause;
	cli_readline;
	cli_remove_node;
	cli_scan_directory;
	cli_scan_path;
	cli_search_dir;
	cli_set_history;
	cli_set_prompt;
	cli_start;
	cli_start_with_timers;
	cli_system;
	cli_use_timers;
	cli_write;
	cli_yield_io;
	cli_setup;
	cli_setup_with_tree;
	per_lcore_scrn;
	per_lcore_cli;

	local: *;
};
